// Jest Snapshot v1, https://goo.gl/fbAQLP

exports[` 1`] = `
<div
  className="cart-image"
>
  <img
    alt="image alt text"
    src="imageSourcePath"
  />
</div>
`;

exports[`The ProductImage component renders as expected 1`] = `
<div
  className="cart-image"
>
  <img
    alt="image alt text"
    src="imageSourcePath"
  />
</div>
`;
